[screen] checkpoint 9500 -> screen_9500.json
  !! screen failed for 9500 (rc=1); skipping
 model is torch.Size([1, 160]).
	size mismatch for obs_normalizer._var: copying a param with shape torch.Size([1, 770]) from checkpoint, the shape in current model is torch.Size([1, 160]).
	size mismatch for obs_normalizer._std: copying a param with shape torch.Size([1, 770]) from checkpoint, the shape in current model is torch.Size([1, 160]).
	size mismatch for mlp.0.weight: copying a param with shape torch.Size([512, 770]) from checkpoint, the shape in current model is torch.Size([512, 160]).

[screen] checkpoint 10000 -> screen_10000.json
  !! screen failed for 10000 (rc=1); skipping
 model is torch.Size([1, 160]).
	size mismatch for obs_normalizer._var: copying a param with shape torch.Size([1, 770]) from checkpoint, the shape in current model is torch.Size([1, 160]).
	size mismatch for obs_normalizer._std: copying a param with shape torch.Size([1, 770]) from checkpoint, the shape in current model is torch.Size([1, 160]).
	size mismatch for mlp.0.weight: copying a param with shape torch.Size([512, 770]) from checkpoint, the shape in current model is torch.Size([512, 160]).

[screen] checkpoint 10500 -> screen_10500.json
  !! screen failed for 10500 (rc=1); skipping
 model is torch.Size([1, 160]).
	size mismatch for obs_normalizer._var: copying a param with shape torch.Size([1, 770]) from checkpoint, the shape in current model is torch.Size([1, 160]).
	size mismatch for obs_normalizer._std: copying a param with shape torch.Size([1, 770]) from checkpoint, the shape in current model is torch.Size([1, 160]).
	size mismatch for mlp.0.weight: copying a param with shape torch.Size([512, 770]) from checkpoint, the shape in current model is torch.Size([512, 160]).

[screen] checkpoint 11000 -> screen_11000.json
  !! screen failed for 11000 (rc=1); skipping
 model is torch.Size([1, 160]).
	size mismatch for obs_normalizer._var: copying a param with shape torch.Size([1, 770]) from checkpoint, the shape in current model is torch.Size([1, 160]).
	size mismatch for obs_normalizer._std: copying a param with shape torch.Size([1, 770]) from checkpoint, the shape in current model is torch.Size([1, 160]).
	size mismatch for mlp.0.weight: copying a param with shape torch.Size([512, 770]) from checkpoint, the shape in current model is torch.Size([512, 160]).

[screen] checkpoint 11500 -> screen_11500.json
  !! screen failed for 11500 (rc=1); skipping
 model is torch.Size([1, 160]).
	size mismatch for obs_normalizer._var: copying a param with shape torch.Size([1, 770]) from checkpoint, the shape in current model is torch.Size([1, 160]).
	size mismatch for obs_normalizer._std: copying a param with shape torch.Size([1, 770]) from checkpoint, the shape in current model is torch.Size([1, 160]).
	size mismatch for mlp.0.weight: copying a param with shape torch.Size([512, 770]) from checkpoint, the shape in current model is torch.Size([512, 160]).

[screen] checkpoint 11997 -> screen_11997.json
  !! screen failed for 11997 (rc=1); skipping
 model is torch.Size([1, 160]).
	size mismatch for obs_normalizer._var: copying a param with shape torch.Size([1, 770]) from checkpoint, the shape in current model is torch.Size([1, 160]).
	size mismatch for obs_normalizer._std: copying a param with shape torch.Size([1, 770]) from checkpoint, the shape in current model is torch.Size([1, 160]).
	size mismatch for mlp.0.weight: copying a param with shape torch.Size([512, 770]) from checkpoint, the shape in current model is torch.Size([512, 160]).

!! every screen failed — falling back to the newest checkpoint
WINNER /workspace/notebook-data/logs/rsl_rl/g1_tracking/2026-07-16_10-40-45_train-thriller_v8s2r-0716-s3/model_11997.pt
